goos: linux
goarch: amd64
pkg: github.com/odvcencio/gotreesitter/cgo_harness
cpu: Intel(R) Xeon(R) Platinum 8481C CPU @ 2.70GHz
BenchmarkLengthNeutralScannerCompleteEdit/Go1         	       1	  47622913 ns/op	   32648 B/op	     471 allocs/op
PASS
	Command being timed: complete edit benchmark binary, Go1, benchtime=1x
	User time (seconds): 1.51
	System time (seconds): 0.08
	Percent of CPU this job got: 41%
	Elapsed (wall clock) time (h:mm:ss or m:ss): 0:03.86
	Average shared text size (kbytes): 0
	Average unshared data size (kbytes): 0
	Average stack size (kbytes): 0
	Average total size (kbytes): 0
	Maximum resident set size (kbytes): 118536
	Average resident set size (kbytes): 0
	Major (requiring I/O) page faults: 0
	Minor (reclaiming a frame) page faults: 53025
	Voluntary context switches: 436
	Involuntary context switches: 962
	Swaps: 0
	File system inputs: 0
	File system outputs: 8
	Socket messages sent: 0
	Socket messages received: 0
	Signals delivered: 0
	Page size (bytes): 4096
	Exit status: 0
