goos: linux
goarch: amd64
pkg: github.com/odvcencio/gotreesitter/cgo_harness
cpu: Intel(R) Xeon(R) Platinum 8481C CPU @ 2.70GHz
BenchmarkLengthNeutralScannerCompleteEdit/Go1         	       1	  27661666 ns/op	   32752 B/op	     473 allocs/op
PASS
	Command being timed: complete edit benchmark binary, Go1, benchtime=1x
	User time (seconds): 0.73
	System time (seconds): 0.10
	Percent of CPU this job got: 47%
	Elapsed (wall clock) time (h:mm:ss or m:ss): 0:01.75
	Average shared text size (kbytes): 0
	Average unshared data size (kbytes): 0
	Average stack size (kbytes): 0
	Average total size (kbytes): 0
	Maximum resident set size (kbytes): 118880
	Average resident set size (kbytes): 0
	Major (requiring I/O) page faults: 0
	Minor (reclaiming a frame) page faults: 54305
	Voluntary context switches: 380
	Involuntary context switches: 634
	Swaps: 0
	File system inputs: 0
	File system outputs: 8
	Socket messages sent: 0
	Socket messages received: 0
	Signals delivered: 0
	Page size (bytes): 4096
	Exit status: 0
