=== RUN   TestTokenInvariantExactBenchmarkPreflight
TOKEN_INVARIANT_PREFLIGHT_JSON_BEGIN
{
  "caveat": "Untimed diagnostic preflight. Deep inspection and fresh comparisons occur between edits. Reparse nanoseconds prove path execution only.",
  "comparison_timing": false,
  "complete": true,
  "edit_count": 5,
  "edit_offset": 35,
  "edits": [
    {
      "edit": 1,
      "source_sha256": "63d6743bdfcf50d94242b6c85923570d38b4ed8a24b2e9b636e91526874b71cd",
      "deep_tree_sha256": "6c8480734fcbacc46b6579a02f3424a26cebb607ef00c845588acbc054c77c43",
      "fresh_deep_tree_sha256": "6c8480734fcbacc46b6579a02f3424a26cebb607ef00c845588acbc054c77c43",
      "complete": true,
      "same_root": true,
      "dependency_field_present": true,
      "dependency_checks": 1,
      "reparse_nanos": 0,
      "new_nodes_allocated": 0,
      "reused_bytes": 19294,
      "reused_subtrees": 1,
      "stop_reason": "accepted",
      "reuse_unsupported": false,
      "reuse_unsupported_reason": ""
    },
    {
      "edit": 2,
      "source_sha256": "2e0f9d4676549c8560cebc3c53877932f921ab9d77c88518227f3018573af4b7",
      "deep_tree_sha256": "6c8480734fcbacc46b6579a02f3424a26cebb607ef00c845588acbc054c77c43",
      "fresh_deep_tree_sha256": "6c8480734fcbacc46b6579a02f3424a26cebb607ef00c845588acbc054c77c43",
      "complete": true,
      "same_root": true,
      "dependency_field_present": true,
      "dependency_checks": 1,
      "reparse_nanos": 0,
      "new_nodes_allocated": 0,
      "reused_bytes": 19294,
      "reused_subtrees": 1,
      "stop_reason": "accepted",
      "reuse_unsupported": false,
      "reuse_unsupported_reason": ""
    },
    {
      "edit": 3,
      "source_sha256": "63d6743bdfcf50d94242b6c85923570d38b4ed8a24b2e9b636e91526874b71cd",
      "deep_tree_sha256": "6c8480734fcbacc46b6579a02f3424a26cebb607ef00c845588acbc054c77c43",
      "fresh_deep_tree_sha256": "6c8480734fcbacc46b6579a02f3424a26cebb607ef00c845588acbc054c77c43",
      "complete": true,
      "same_root": true,
      "dependency_field_present": true,
      "dependency_checks": 1,
      "reparse_nanos": 0,
      "new_nodes_allocated": 0,
      "reused_bytes": 19294,
      "reused_subtrees": 1,
      "stop_reason": "accepted",
      "reuse_unsupported": false,
      "reuse_unsupported_reason": ""
    },
    {
      "edit": 4,
      "source_sha256": "2e0f9d4676549c8560cebc3c53877932f921ab9d77c88518227f3018573af4b7",
      "deep_tree_sha256": "6c8480734fcbacc46b6579a02f3424a26cebb607ef00c845588acbc054c77c43",
      "fresh_deep_tree_sha256": "6c8480734fcbacc46b6579a02f3424a26cebb607ef00c845588acbc054c77c43",
      "complete": true,
      "same_root": true,
      "dependency_field_present": true,
      "dependency_checks": 1,
      "reparse_nanos": 0,
      "new_nodes_allocated": 0,
      "reused_bytes": 19294,
      "reused_subtrees": 1,
      "stop_reason": "accepted",
      "reuse_unsupported": false,
      "reuse_unsupported_reason": ""
    },
    {
      "edit": 5,
      "source_sha256": "63d6743bdfcf50d94242b6c85923570d38b4ed8a24b2e9b636e91526874b71cd",
      "deep_tree_sha256": "6c8480734fcbacc46b6579a02f3424a26cebb607ef00c845588acbc054c77c43",
      "fresh_deep_tree_sha256": "6c8480734fcbacc46b6579a02f3424a26cebb607ef00c845588acbc054c77c43",
      "complete": true,
      "same_root": true,
      "dependency_field_present": true,
      "dependency_checks": 1,
      "reparse_nanos": 0,
      "new_nodes_allocated": 0,
      "reused_bytes": 19294,
      "reused_subtrees": 1,
      "stop_reason": "accepted",
      "reuse_unsupported": false,
      "reuse_unsupported_reason": ""
    }
  ],
  "expect_authenticated_reuse": true,
  "function_count": 500,
  "grammar_blob_sha256": "9cf914d26d962d1a62e7954f8b20b302337a44cb7d4a07218eec482c45a57a08",
  "initial_deep_tree_sha256": "6c8480734fcbacc46b6579a02f3424a26cebb607ef00c845588acbc054c77c43",
  "initial_fallbacks": 0,
  "initial_routes": 1,
  "initial_source_sha256": "2e0f9d4676549c8560cebc3c53877932f921ab9d77c88518227f3018573af4b7",
  "no_edit_complete": true,
  "no_edit_deep_tree_sha256": "6c8480734fcbacc46b6579a02f3424a26cebb607ef00c845588acbc054c77c43",
  "no_edit_same_root": true,
  "schema": "gts-token-invariant-exact-benchmark-preflight-v1",
  "source_bytes": 19294
}
TOKEN_INVARIANT_PREFLIGHT_JSON_END
--- PASS: TestTokenInvariantExactBenchmarkPreflight (0.24s)
PASS
